<html>
<body>
<pre>
<h1>µVision Build Log</h1>
<h2>Tool Versions:</h2>
IDE-Version: ¦ÌVision V5.23.0.0
Copyright (C) 2017 ARM Ltd and ARM Germany GmbH. All rights reserved.
License Information: li li, li, LIC=NQQCX-HNAQG-V1DP8-3TYI9-C3LTJ-T9M6W
 
Tool Versions:
Toolchain:       MDK-ARM Plus  Version: 5.23
Toolchain Path:  H:\Program Files\sk\ARM\ARMCC\Bin
C Compiler:      Armcc.exe V5.06 update 4 (build 422)
Assembler:       Armasm.exe V5.06 update 4 (build 422)
Linker/Locator:  ArmLink.exe V5.06 update 4 (build 422)
Library Manager: ArmAr.exe V5.06 update 4 (build 422)
Hex Converter:   FromElf.exe V5.06 update 4 (build 422)
CPU DLL:         SARMCM3.DLL V5.23
Dialog DLL:      DCM.DLL V1.15.0.0
Target DLL:      Segger\JL2CM3.dll V2.99.23.0
Dialog DLL:      TCM.DLL V1.27.0.0
 
<h2>Project:</h2>
G:\Kail³ÌÐò\en-light\USER\Template.uvprojx
Project File Date:  07/16/2017

<h2>Output:</h2>
*** Using Compiler 'V5.06 update 4 (build 422)', folder: 'H:\Program Files\sk\ARM\ARMCC\Bin'
Build target 'Template'
compiling key.c...
compiling main.c...
main.c(31): warning:  #128-D: loop is not reachable
  	while(1);
main.c(11): warning:  #177-D: variable "key"  was declared but never referenced
  	 int key = 0;           //±£´æ¼üÖµ
main.c(17): warning:  #177-D: variable "time"  was declared but never referenced
  	int time = 100;
main.c(18): warning:  #177-D: variable "bei"  was declared but never referenced
  	int bei = 100;
main.c(19): warning:  #177-D: variable "en"  was declared but never referenced
  	int en = 0;
main.c: 5 warnings, 0 errors
linking...
Program Size: Code=5360 RO-data=424 RW-data=48 ZI-data=1832  
FromELF: creating hex file...
"..\OBJ\Template.axf" - 0 Error(s), 5 Warning(s).

<h2>Collection of Component include folders:</h2>
  .\RTE\_Template
  H:\Program Files\sk\ARM\PACK\Keil\STM32F4xx_DFP\2.11.0\Drivers\CMSIS\Device\ST\STM32F4xx\Include

<h2>Collection of Component Files used:</h2>
Build Time Elapsed:  00:00:03
</pre>
</body>
</html>
