<html>
<body>
<pre>
<h1>礦ision Build Log</h1>
<h2>Tool Versions:</h2>
IDE-Version: μVision V5.23.0.0
Copyright (C) 2017 ARM Ltd and ARM Germany GmbH. All rights reserved.
License Information: 1 11, 1, LIC=----
 
Tool Versions:
Toolchain:       MDK-Lite  Version: 5.23
Toolchain Path:  C:\Keil_v5\ARM\ARMCC\Bin
C Compiler:      Armcc.exe V5.06 update 4 (build 422)
Assembler:       Armasm.exe V5.06 update 4 (build 422)
Linker/Locator:  ArmLink.exe V5.06 update 4 (build 422)
Library Manager: ArmAr.exe V5.06 update 4 (build 422)
Hex Converter:   FromElf.exe V5.06 update 4 (build 422)
CPU DLL:         SARMCM3.DLL V5.23
Dialog DLL:      DCM.DLL V1.15.0.0
Target DLL:      Segger\JL2CM3.dll V2.99.23.0
Dialog DLL:      TCM.DLL V1.27.0.0
 
<h2>Project:</h2>
\\Mac\Home\Documents\作业\can口通信的副本\MDK-ARM\demo.uvprojx
Project File Date:  07/19/2017

<h2>Output:</h2>
*** Using Compiler 'V5.06 update 4 (build 422)', folder: 'C:\Keil_v5\ARM\ARMCC\Bin'
Build target 'ACTION'
compiling main.c...
..\Action_User\stm32f4xx_it.h(76): warning:  #1295-D: Deprecated declaration rec - give arg types
  uint8_t rec();
..\Action_User\main.c(22): warning:  #177-D: variable "mbox"  was declared but never referenced
        uint8_t message[3]={0},mbox;
..\Action_User\main.c(23): warning:  #177-D: variable "which"  was declared but never referenced
        int led0pwmval=0,dir=1,which,led0pwmval1=0,dir1=1;
..\Action_User\main.c(24): warning:  #550-D: variable "po"  was set but never used
        uint8_t* po;
..\Action_User\main.c(26): warning:  #177-D: variable "CANSendData"  was declared but never referenced
        uint8_t CANSendData[8] = {0};
..\Action_User\main.c: 5 warnings, 0 errors
linking...
Program Size: Code=6204 RO-data=424 RW-data=80 ZI-data=18016  
FromELF: creating hex file...
".\SZW_STM32F407\demo.axf" - 0 Error(s), 5 Warning(s).

<h2>Collection of Component include folders:</h2>
  .\RTE\_ACTION
  C:\Keil_v5\ARM\PACK\Keil\STM32F4xx_DFP\2.11.0\Drivers\CMSIS\Device\ST\STM32F4xx\Include

<h2>Collection of Component Files used:</h2>
Build Time Elapsed:  00:00:03
</pre>
</body>
</html>
